Sequence    		tRNA   	Bounds 	tRNA	Anti	Intron Bounds	Inf	      
Name        	tRNA #	Begin  	End    	Type	Codon	Begin	End	Score	Note
--------    	------	-----  	------ 	----	-----	-----	----	------	------
NC_002607.1 	1	115152 	115224 	Asn	GTT	0	0	61.8	
NC_002607.1 	2	115314 	115422 	Ile2	CAT	115354	115386	73.2	
NC_002607.1 	3	167315 	167388 	Tyr	GTA	0	0	70.6	
NC_002607.1 	4	191112 	191196 	Ser	CGA	0	0	68.4	
NC_002607.1 	5	409659 	409731 	Gln	TTG	0	0	68.4	
NC_002607.1 	6	463914 	463988 	Arg	TCG	0	0	74.2	
NC_002607.1 	7	593999 	594070 	Ala	GGC	0	0	73.5	
NC_002607.1 	8	748778 	748851 	Lys	CTT	0	0	85.6	
NC_002607.1 	9	770516 	770691 	Trp	CCA	770554	770655	67.1	
NC_002607.1 	10	852957 	853028 	Thr	CGT	0	0	79.7	
NC_002607.1 	11	860171 	860253 	Ser	GCT	0	0	78.8	
NC_002607.1 	12	862573 	862657 	Leu	CAG	0	0	68.0	
NC_002607.1 	13	982991 	983065 	Glu	TTC	0	0	70.0	
NC_002607.1 	14	1228868	1228942	Val	GAC	0	0	69.1	
NC_002607.1 	15	1279229	1279299	Pro	GGG	0	0	56.1	
NC_002607.1 	16	1412690	1412763	Ile	GAT	0	0	66.0	
NC_002607.1 	17	1417310	1417392	Leu	TAA	0	0	78.7	
NC_002607.1 	18	1501653	1501724	Thr	GGT	0	0	71.4	
NC_002607.1 	19	1596638	1596710	His	GTG	0	0	48.7	
NC_002607.1 	20	1607319	1607391	Pro	TGG	0	0	69.1	
NC_002607.1 	21	1877083	1877154	Ala	TGC	0	0	78.7	
NC_002607.1 	22	1880755	1880830	Cys	GCA	0	0	73.3	
NC_002607.1 	23	1917362	1917434	Arg	CCG	0	0	76.1	
NC_002607.1 	24	1926731	1926802	Ala	CGC	0	0	79.4	
NC_002607.1 	25	2002466	2002538	Asp	GTC	0	0	69.0	
NC_002607.1 	26	1984312	1984241	Ala	CGC	0	0	79.4	
NC_002607.1 	27	1882136	1882063	Lys	TTT	0	0	86.7	
NC_002607.1 	28	1838642	1838568	Arg	TCT	0	0	78.4	
NC_002607.1 	29	1776951	1776879	Gln	CTG	0	0	53.8	
NC_002607.1 	30	1542102	1542021	Ser	GGA	0	0	63.8	
NC_002607.1 	31	1499274	1499204	Gly	CCC	0	0	73.9	
NC_002607.1 	32	1461208	1461136	Pro	CGG	0	0	65.6	
NC_002607.1 	33	1257929	1257859	Gly	GCC	0	0	68.9	
NC_002607.1 	34	1218666	1218509	Met	CAT	1218628	1218545	72.5	
NC_002607.1 	35	1154096	1154022	Val	CAC	0	0	71.5	
NC_002607.1 	36	1107813	1107729	Leu	GAG	0	0	74.1	
NC_002607.1 	37	1036310	1036227	Leu	TAG	0	0	81.8	
NC_002607.1 	38	1028480	1028396	Leu	CAA	0	0	76.7	
NC_002607.1 	39	990847 	990773 	Glu	CTC	0	0	61.8	
NC_002607.1 	40	920358 	920276 	Ser	TGA	0	0	68.3	
NC_002607.1 	41	916381 	916308 	Thr	TGT	0	0	55.0	
NC_002607.1 	42	620533 	620463 	Gly	TCC	0	0	80.6	
NC_002607.1 	43	602997 	602925 	Arg	CCT	0	0	74.0	
NC_002607.1 	44	430222 	430148 	iMet	CAT	0	0	81.5	
NC_002607.1 	45	110618 	110546 	Arg	GCG	0	0	57.7	
NC_002607.1 	46	103431 	103358 	Val	TAC	0	0	73.7	
NC_002607.1 	47	95300  	95227  	Phe	GAA	0	0	73.1	
