Sequence    		tRNA   	Bounds 	tRNA	Anti	Intron Bounds	Inf	      
Name        	tRNA #	Begin  	End    	Type	Codon	Begin	End	Score	Note
--------    	------	-----  	------ 	----	-----	-----	----	------	------
NC_003197.2 	1	290791 	290867 	Ile	GAT	0	0	75.8	
NC_003197.2 	2	290977 	291052 	Ala	TGC	0	0	78.1	
NC_003197.2 	3	294829 	294905 	Asp	GTC	0	0	87.4	
NC_003197.2 	4	304268 	304344 	Asp	GTC	0	0	87.4	
NC_003197.2 	5	368797 	368872 	Thr	CGT	0	0	85.1	
NC_003197.2 	6	613561 	613637 	Arg	TCT	0	0	93.7	
NC_003197.2 	7	617966 	618059 	Undet	NNN	0	0	36.6	
NC_003197.2 	8	818781 	818856 	Lys	TTT	0	0	94.9	
NC_003197.2 	9	818988 	819063 	Val	TAC	0	0	84.6	
NC_003197.2 	10	819067 	819142 	Lys	TTT	0	0	94.9	
NC_003197.2 	11	819192 	819267 	Lys	TTT	0	0	94.9	
NC_003197.2 	12	819402 	819477 	Lys	TTT	0	0	94.9	
NC_003197.2 	13	1175310	1175397	Ser	TGA	0	0	83.5	
NC_003197.2 	14	1333204	1333280	Arg	CCT	0	0	59.1	
NC_003197.2 	15	1345642	1345718	Arg	TCT	0	0	61.8	
NC_003197.2 	16	1852563	1852647	Tyr	GTA	0	0	72.2	
NC_003197.2 	17	1852852	1852936	Tyr	GTA	0	0	72.2	
NC_003197.2 	18	2083246	2083321	Asn	GTT	0	0	79.7	
NC_003197.2 	19	2084216	2084291	Asn	GTT	0	0	79.7	
NC_003197.2 	20	2095991	2096066	Asn	GTT	0	0	79.7	
NC_003197.2 	21	2330753	2330829	Pro	GGG	0	0	67.3	
NC_003197.2 	22	2505823	2505897	Arg	CCT	0	0	68.6	
NC_003197.2 	23	2531836	2531911	Val	TAC	0	0	84.6	
NC_003197.2 	24	2531957	2532032	Val	TAC	0	0	84.6	
NC_003197.2 	25	2532074	2532149	Val	TAC	0	0	84.6	
NC_003197.2 	26	2532154	2532229	Lys	TTT	0	0	94.9	
NC_003197.2 	27	2844168	2844313	Undet	NNN	0	0	25.7	pseudo
NC_003197.2 	28	3141070	3141146	fMet	CAT	0	0	77.5	
NC_003197.2 	29	3141176	3141252	fMet	CAT	0	0	77.5	
NC_003197.2 	30	3276153	3276228	Phe	GAA	0	0	75.3	
NC_003197.2 	31	3379011	3379086	Ile2	CAT	0	0	85.1	
NC_003197.2 	32	3948588	3948682	SeC	TCA	0	0	142.5	
NC_003197.2 	33	4101772	4101847	Glu	TTC	0	0	66.6	
NC_003197.2 	34	4105296	4105372	Asp	GTC	0	0	87.4	
NC_003197.2 	35	4105381	4105456	Trp	CCA	0	0	79.9	
NC_003197.2 	36	4140921	4140997	Arg	CCG	0	0	78.6	
NC_003197.2 	37	4141052	4141127	His	GTG	0	0	78.7	
NC_003197.2 	38	4141148	4141234	Leu	CAG	0	0	67.1	
NC_003197.2 	39	4141277	4141353	Pro	TGG	0	0	82.4	
NC_003197.2 	40	4197683	4197759	Ile	GAT	0	0	75.8	
NC_003197.2 	41	4197871	4197946	Ala	TGC	0	0	78.1	
NC_003197.2 	42	4352754	4352830	Ile	GAT	0	0	75.8	
NC_003197.2 	43	4352942	4353017	Ala	TGC	0	0	78.1	
NC_003197.2 	44	4360059	4360134	Thr	TGT	0	0	81.3	
NC_003197.2 	45	4360143	4360227	Tyr	GTA	0	0	73.0	
NC_003197.2 	46	4360344	4360418	Gly	TCC	0	0	70.6	
NC_003197.2 	47	4360425	4360500	Thr	GGT	0	0	84.7	
NC_003197.2 	48	4396316	4396391	Glu	TTC	0	0	66.6	
NC_003197.2 	49	4596436	4596511	Gly	GCC	0	0	88.4	
NC_003197.2 	50	4596668	4596743	Gly	GCC	0	0	88.4	
NC_003197.2 	51	4596900	4596975	Gly	GCC	0	0	88.4	
NC_003197.2 	52	4731029	4731113	Leu	CAA	0	0	79.3	
NC_003197.2 	53	4810965	4810879	Leu	CAG	0	0	67.1	
NC_003197.2 	54	4810851	4810765	Leu	CAG	0	0	65.0	
NC_003197.2 	55	4810733	4810647	Leu	CAG	0	0	67.1	
NC_003197.2 	56	4566670	4566595	Phe	GAA	0	0	75.3	
NC_003197.2 	57	3820497	3820421	Pro	CGG	0	0	76.0	
NC_003197.2 	58	3682786	3682666	Undet	NNN	0	0	29.4	pseudo
NC_003197.2 	59	3570387	3570312	Glu	TTC	0	0	66.6	
NC_003197.2 	60	3566864	3566789	Thr	GGT	0	0	79.8	
NC_003197.2 	61	3461845	3461759	Leu	GAG	0	0	64.5	
NC_003197.2 	62	3458586	3458510	fMet	CAT	0	0	77.5	
NC_003197.2 	63	3197501	3197428	Gly	CCC	0	0	81.1	
NC_003197.2 	64	2970651	2970559	Ser	GCT	0	0	83.4	
NC_003197.2 	65	2970555	2970479	Arg	ACG	0	0	85.1	
NC_003197.2 	66	2970416	2970340	Arg	ACG	0	0	85.1	
NC_003197.2 	67	2970277	2970201	Arg	ACG	0	0	85.1	
NC_003197.2 	68	2970007	2969931	Arg	ACG	0	0	85.1	
NC_003197.2 	69	2800036	2799961	Glu	TTC	0	0	66.6	
NC_003197.2 	70	2761725	2761649	Arg	TCT	0	0	64.8	
NC_003197.2 	71	2529130	2529055	Ala	GGC	0	0	75.0	
NC_003197.2 	72	2529012	2528937	Ala	GGC	0	0	75.0	
NC_003197.2 	73	2094233	2094158	Asn	GTT	0	0	79.7	
NC_003197.2 	74	2082259	2082170	Ser	CGA	0	0	90.4	
NC_003197.2 	75	2035658	2035583	Gly	GCC	0	0	88.4	
NC_003197.2 	76	2035530	2035457	Cys	GCA	0	0	63.0	
NC_003197.2 	77	2035445	2035359	Leu	TAA	0	0	71.7	
NC_003197.2 	78	1501801	1501725	Val	GAC	0	0	82.5	
NC_003197.2 	79	1501714	1501638	Val	GAC	0	0	85.6	
NC_003197.2 	80	1224818	1224731	Ser	GGA	0	0	76.9	
NC_003197.2 	81	1027533	1027446	Ser	GGA	0	0	76.9	
NC_003197.2 	82	738719 	738643 	Met	CAT	0	0	84.4	
NC_003197.2 	83	738634 	738550 	Leu	TAG	0	0	74.1	
NC_003197.2 	84	738526 	738452 	Gln	TTG	0	0	70.4	
NC_003197.2 	85	738416 	738342 	Gln	TTG	0	0	70.4	
NC_003197.2 	86	738326 	738250 	Met	CAT	0	0	84.4	
NC_003197.2 	87	738203 	738129 	Gln	CTG	0	0	70.8	
NC_003197.2 	88	738085 	738011 	Gln	CTG	0	0	70.8	
