Sequence    		tRNA  	Bounds	tRNA	Anti	Intron Bounds	Inf	      
Name        	tRNA #	Begin 	End   	Type	Codon	Begin	End	Score	Note
--------    	------	----- 	------	----	-----	-----	----	------	------
NC_001133.9 	1	139152	139254	Pro	TGG	139188	139218	62.1	
NC_001133.9 	2	166267	166339	Ala	TGC	0	0	76.0	
NC_001133.9 	3	181141	181254	Leu	CAA	181179	181210	56.8	
NC_001133.9 	4	182603	182522	Ser	AGA	0	0	83.2	
NC_001134.8 	1	9583  	9666  	Leu	TAA	0	0	75.1	
NC_001134.8 	2	36398 	36488 	Phe	GAA	36435	36452	70.7	
NC_001134.8 	3	197494	197567	Ile	AAT	0	0	71.4	
NC_001134.8 	4	227075	227156	Ser	AGA	0	0	83.2	
NC_001134.8 	5	266378	266450	Thr	AGT	0	0	76.0	
NC_001134.8 	6	347603	347686	Leu	TAA	0	0	75.1	
NC_001134.8 	7	350827	350898	Gln	TTG	0	0	63.6	
NC_001134.8 	8	405878	405949	Arg	TCT	0	0	67.4	
NC_001134.8 	9	405960	406031	Asp	GTC	0	0	56.4	
NC_001134.8 	10	645167	645238	Glu	TTC	0	0	60.3	
NC_001134.8 	11	643078	643007	Cys	GCA	0	0	78.6	
NC_001134.8 	12	326865	326792	Val	TAC	0	0	70.3	
NC_001134.8 	13	197699	197629	Gly	GCC	0	0	62.0	
NC_001135.5 	1	90859 	90972 	Leu	CAA	90897	90928	56.8	
NC_001135.5 	2	127716	127789	Asn	GTT	0	0	75.7	
NC_001135.5 	3	149920	149991	iMet	CAT	0	0	69.1	
NC_001135.5 	4	227942	228042	Ser	CGA	227979	227997	71.8	
NC_001135.5 	5	295484	295556	Thr	AGT	0	0	76.0	
NC_001135.5 	6	168372	168301	Gln	TTG	0	0	65.3	
NC_001135.5 	7	151356	151284	Lys	CTT	0	0	81.2	
NC_001135.5 	8	142771	142701	Gly	GCC	0	0	62.0	
NC_001135.5 	9	123648	123577	Pro	AGG	0	0	61.9	
NC_001135.5 	10	82533 	82462 	Glu	TTC	0	0	60.3	
NC_001136.10	1	83548 	83618 	Gly	GCC	0	0	62.0	
NC_001136.10	2	359577	359672	Lys	TTT	359614	359636	71.1	
NC_001136.10	3	410379	410451	Ala	AGC	0	0	69.6	
NC_001136.10	4	437772	437853	Ser	AGA	0	0	83.2	
NC_001136.10	5	519743	519826	Leu	TAA	0	0	75.1	
NC_001136.10	6	520972	521043	Gln	TTG	0	0	65.3	
NC_001136.10	7	568882	568953	Arg	TCT	0	0	67.4	
NC_001136.10	8	568964	569035	Asp	GTC	0	0	56.4	
NC_001136.10	9	884361	884493	Ile	TAT	884398	884457	69.7	
NC_001136.10	10	946312	946400	Tyr	GTA	946351	946364	61.3	
NC_001136.10	11	992832	992902	Gly	GCC	0	0	62.0	
NC_001136.10	12	1175829	1175901	Met	CAT	0	0	70.0	
NC_001136.10	13	1201750	1201822	Lys	CTT	0	0	81.2	
NC_001136.10	14	1305630	1305712	Ser	AGA	0	0	83.3	
NC_001136.10	15	1461829	1461715	Leu	CAA	1461791	1461759	56.7	
NC_001136.10	16	1352538	1352466	Lys	CTT	0	0	81.2	
NC_001136.10	17	1257079	1257008	Gly	CCC	0	0	75.0	
NC_001136.10	18	1150941	1150842	Ser	GCT	1150905	1150887	49.8	
NC_001136.10	19	1095461	1095370	Phe	GAA	1095424	1095406	71.4	
NC_001136.10	20	1075544	1075472	Val	CAC	0	0	70.5	
NC_001136.10	21	1017278	1017207	Glu	CTC	0	0	56.3	
NC_001136.10	22	981055	980974	Ser	AGA	0	0	83.2	
NC_001136.10	23	802802	802731	Gln	TTG	0	0	65.3	
NC_001136.10	24	668080	668007	Ile	AAT	0	0	71.4	
NC_001136.10	25	645224	645153	Gln	TTG	0	0	65.3	
NC_001136.10	26	620041	619969	Arg	ACG	0	0	69.6	
NC_001136.10	27	488870	488797	Val	TAC	0	0	70.3	
NC_001136.10	28	434336	434264	Thr	AGT	0	0	76.0	
NC_001137.3 	1	86604 	86685 	Ser	AGA	0	0	83.2	
NC_001137.3 	2	100133	100204	iMet	CAT	0	0	69.1	
NC_001137.3 	3	138666	138737	Arg	TCT	0	0	67.4	
NC_001137.3 	4	177099	177170	Glu	TTC	0	0	60.3	
NC_001137.3 	5	207357	207428	His	GTG	0	0	57.7	
NC_001137.3 	6	250286	250357	Gln	TTG	0	0	65.3	
NC_001137.3 	7	354934	355005	Glu	TTC	0	0	60.3	
NC_001137.3 	8	438700	438773	Val	AAC	0	0	67.6	
NC_001137.3 	9	469457	469530	Val	AAC	0	0	67.6	
NC_001137.3 	10	551358	551285	Ile	AAT	0	0	71.4	
NC_001137.3 	11	492424	492352	Arg	ACG	0	0	69.6	
NC_001137.3 	12	487402	487331	Glu	TTC	0	0	60.3	
NC_001137.3 	13	443275	443202	Ile	AAT	0	0	71.4	
NC_001137.3 	14	435824	435752	Lys	CTT	0	0	81.2	
NC_001137.3 	15	434612	434541	His	GTG	0	0	57.7	
NC_001137.3 	16	312095	312023	Ala	TGC	0	0	76.0	
NC_001137.3 	17	288524	288443	Ser	TGA	0	0	80.3	
NC_001137.3 	18	135497	135425	Lys	CTT	0	0	81.2	
NC_001137.3 	19	131153	131082	Gln	TTG	0	0	67.4	
NC_001137.3 	20	61960 	61890 	Gly	GCC	0	0	62.0	
NC_001138.5 	1	101376	101478	Pro	TGG	101412	101442	62.1	
NC_001138.5 	2	162228	162298	Gly	GCC	0	0	62.0	
NC_001138.5 	3	167437	167525	Tyr	GTA	167476	167489	61.3	
NC_001138.5 	4	226760	226688	Lys	CTT	0	0	81.2	
NC_001138.5 	5	210707	210619	Tyr	GTA	210668	210655	61.3	
NC_001138.5 	6	204996	204924	Ala	AGC	0	0	69.6	
NC_001138.5 	7	191613	191513	Ser	GCT	191576	191558	64.2	
NC_001138.5 	8	181044	180974	Gly	GCC	0	0	62.0	
NC_001138.5 	9	158007	157916	Phe	GAA	157970	157952	70.7	
NC_001138.5 	10	137559	137486	Asn	GTT	0	0	75.7	
NC_001139.9 	1	115488	115583	Lys	TTT	115525	115547	71.1	
NC_001139.9 	2	122269	122341	Lys	CTT	0	0	81.2	
NC_001139.9 	3	205521	205634	Leu	CAA	205559	205590	56.8	
NC_001139.9 	4	319781	319852	His	GTG	0	0	57.7	
NC_001139.9 	5	328583	328654	Glu	TTC	0	0	60.3	
NC_001139.9 	6	405470	405541	Arg	TCT	0	0	67.4	
NC_001139.9 	7	423092	423205	Leu	CAA	423130	423161	56.8	
NC_001139.9 	8	531610	531681	Asp	GTC	0	0	56.4	
NC_001139.9 	9	541850	541921	Glu	TTC	0	0	60.3	
NC_001139.9 	10	661749	661820	Thr	TGT	0	0	77.0	
NC_001139.9 	11	700675	700756	Leu	GAG	0	0	67.6	
NC_001139.9 	12	731137	731210	Asn	GTT	0	0	75.7	
NC_001139.9 	13	736340	736411	Arg	TCT	0	0	67.4	
NC_001139.9 	14	739122	739195	Ile	AAT	0	0	71.4	
NC_001139.9 	15	774349	774421	Ala	AGC	0	0	69.6	
NC_001139.9 	16	779616	779687	Gly	TCC	0	0	58.7	
NC_001139.9 	17	794417	794489	Ala	TGC	0	0	76.0	
NC_001139.9 	18	823482	823555	Val	AAC	0	0	67.6	
NC_001139.9 	19	845649	845719	Gly	GCC	0	0	62.0	
NC_001139.9 	20	876394	876466	Lys	CTT	0	0	81.2	
NC_001139.9 	21	1004216	1004287	Thr	TGT	0	0	77.0	
NC_001139.9 	22	931023	930953	Gly	GCC	0	0	62.0	
NC_001139.9 	23	878815	878710	Trp	CCA	878779	878746	67.2	
NC_001139.9 	24	857491	857378	Leu	CAA	857453	857422	56.8	
NC_001139.9 	25	828794	828723	Arg	TCT	0	0	67.4	
NC_001139.9 	26	707179	707108	Cys	GCA	0	0	78.6	
NC_001139.9 	27	701048	700953	Lys	TTT	701011	700989	71.1	
NC_001139.9 	28	561743	561662	Ser	AGA	0	0	83.2	
NC_001139.9 	29	544648	544577	Asp	GTC	0	0	56.4	
NC_001139.9 	30	440807	440716	Phe	GAA	440770	440752	70.7	
NC_001139.9 	31	412367	412294	Val	AAC	0	0	67.6	
NC_001139.9 	32	401598	401527	Glu	TTC	0	0	60.3	
NC_001139.9 	33	287455	287350	Trp	CCA	287419	287386	67.2	
NC_001139.9 	34	185786	185714	Lys	CTT	0	0	81.2	
NC_001139.9 	35	110696	110625	His	GTG	0	0	57.7	
NC_001139.9 	36	73902 	73829 	Val	AAC	0	0	67.6	
NC_001140.6 	1	62755 	62826 	His	GTG	0	0	57.7	
NC_001140.6 	2	134321	134392	Gln	TTG	0	0	65.3	
NC_001140.6 	3	466990	467061	Thr	TGT	0	0	77.5	
NC_001140.6 	4	475778	475706	Val	CAC	0	0	70.5	
NC_001140.6 	5	388995	388893	Pro	TGG	388959	388929	62.1	
NC_001140.6 	6	358569	358478	Phe	GAA	358532	358514	70.7	
NC_001140.6 	7	237939	237848	Phe	GAA	237902	237884	70.7	
NC_001140.6 	8	146314	146242	Ala	AGC	0	0	69.6	
NC_001140.6 	9	133107	133026	Ser	AGA	0	0	83.2	
NC_001140.6 	10	116179	116107	Thr	AGT	0	0	76.0	
NC_001140.6 	11	85371 	85298 	Val	AAC	0	0	67.6	
NC_001141.2 	1	175031	175103	Thr	AGT	0	0	76.0	
NC_001141.2 	2	197592	197663	Glu	CTC	0	0	56.3	
NC_001141.2 	3	210665	210738	Ile	AAT	0	0	71.4	
NC_001141.2 	4	248850	248931	Ser	TGA	0	0	80.3	
NC_001141.2 	5	325748	325820	Thr	AGT	0	0	76.0	
NC_001141.2 	6	370417	370488	Glu	TTC	0	0	60.3	
NC_001141.2 	7	336420	336349	Asp	GTC	0	0	56.4	
NC_001141.2 	8	324374	324303	Asp	GTC	0	0	56.4	
NC_001141.2 	9	300300	300228	Lys	CTT	0	0	81.2	
NC_001141.2 	10	183513	183440	Ile	AAT	0	0	71.4	
NC_001142.9 	1	204735	204806	Asp	GTC	0	0	56.4	
NC_001142.9 	2	233939	234011	Arg	ACG	0	0	68.5	
NC_001142.9 	3	354244	354332	Tyr	GTA	354283	354296	61.3	
NC_001142.9 	4	355374	355445	Arg	TCT	0	0	67.4	
NC_001142.9 	5	355456	355527	Asp	GTC	0	0	56.4	
NC_001142.9 	6	378360	378433	Val	AAC	0	0	67.6	
NC_001142.9 	7	414966	415038	Lys	CTT	0	0	81.2	
NC_001142.9 	8	422937	423009	Met	CAT	0	0	70.0	
NC_001142.9 	9	531828	531898	Gly	GCC	0	0	62.0	
NC_001142.9 	10	538555	538626	Arg	CCT	0	0	71.7	
NC_001142.9 	11	541508	541579	Asp	GTC	0	0	56.4	
NC_001142.9 	12	617919	618019	Leu	TAG	617957	617975	59.5	
NC_001142.9 	13	543044	542956	Tyr	GTA	543005	542992	61.3	
NC_001142.9 	14	524093	524012	Ser	AGA	0	0	83.2	
NC_001142.9 	15	517884	517813	iMet	CAT	0	0	69.1	
NC_001142.9 	16	424515	424432	Leu	TAA	0	0	75.1	
NC_001142.9 	17	416036	415931	Trp	CCA	416000	415967	67.2	
NC_001142.9 	18	396796	396726	Gly	GCC	0	0	62.0	
NC_001142.9 	19	391115	391043	Met	CAT	0	0	70.0	
NC_001142.9 	20	374577	374506	Arg	TCT	0	0	67.4	
NC_001142.9 	21	374495	374424	Asp	GTC	0	0	56.4	
NC_001142.9 	22	197385	197313	Ala	AGC	0	0	69.6	
NC_001142.9 	23	116010	115939	Glu	TTC	0	0	60.3	
NC_001142.9 	24	59172 	59100 	Thr	AGT	0	0	76.0	
NC_001143.9 	1	74624 	74697 	Asn	GTT	0	0	75.7	
NC_001143.9 	2	84208 	84291 	Leu	TAA	0	0	75.1	
NC_001143.9 	3	202999	203071	Lys	CTT	0	0	81.2	
NC_001143.9 	4	219895	219967	Ala	AGC	0	0	69.6	
NC_001143.9 	5	302918	303023	Trp	CCA	302954	302987	67.2	
NC_001143.9 	6	379680	379753	Val	AAC	0	0	67.6	
NC_001143.9 	7	458557	458670	Leu	CAA	458595	458626	56.8	
NC_001143.9 	8	490968	491040	Arg	ACG	0	0	69.6	
NC_001143.9 	9	517988	518060	Ala	AGC	0	0	69.6	
NC_001143.9 	10	578965	579060	Lys	TTT	579002	579024	71.1	
NC_001143.9 	11	513403	513332	Asp	GTC	0	0	56.4	
NC_001143.9 	12	313472	313401	His	GTG	0	0	57.7	
NC_001143.9 	13	308217	308144	Val	AAC	0	0	67.6	
NC_001143.9 	14	162558	162487	Arg	TCT	0	0	67.4	
NC_001143.9 	15	141089	141018	Glu	TTC	0	0	60.3	
NC_001143.9 	16	46806 	46735 	Thr	CGT	0	0	76.3	
NC_001144.5 	1	92548 	92650 	Pro	TGG	92584	92614	62.1	
NC_001144.5 	2	374355	374427	Arg	ACG	0	0	69.6	
NC_001144.5 	3	427132	427203	Asp	GTC	0	0	56.4	
NC_001144.5 	4	628383	628497	Leu	CAA	628421	628453	56.7	
NC_001144.5 	5	732090	732190	Leu	TAG	732128	732146	59.5	
NC_001144.5 	6	734802	734875	Ile	AAT	0	0	71.4	
NC_001144.5 	7	784354	784453	Ser	GCT	784390	784408	49.8	
NC_001144.5 	8	793918	793989	Asp	GTC	0	0	56.4	
NC_001144.5 	9	797178	797249	Glu	TTC	0	0	60.3	
NC_001144.5 	10	818609	818680	Arg	CCG	0	0	55.8	
NC_001144.5 	11	875376	875471	Lys	TTT	875413	875435	71.1	
NC_001144.5 	12	1052144	1052071	Ile	AAT	0	0	71.4	
NC_001144.5 	13	976056	975983	Asn	GTT	0	0	75.7	
NC_001144.5 	14	963055	962972	Leu	TAA	0	0	75.1	
NC_001144.5 	15	687932	687859	Val	AAC	0	0	67.6	
NC_001144.5 	16	657006	656934	Ala	AGC	0	0	69.6	
NC_001144.5 	17	605432	605300	Ile	TAT	605395	605336	69.7	
NC_001144.5 	18	592619	592519	Leu	TAG	592581	592563	59.5	
NC_001144.5 	19	448721	448650	Gln	TTG	0	0	65.3	
NC_001144.5 	20	214955	214883	Ala	TGC	0	0	76.0	
NC_001144.5 	21	168025	167944	Ser	AGA	0	0	83.2	
NC_001145.3 	1	168795	168883	Tyr	GTA	168834	168847	61.3	
NC_001145.3 	2	290801	290872	Glu	TTC	0	0	52.3	
NC_001145.3 	3	352280	352370	Phe	GAA	352317	352334	70.7	
NC_001145.3 	4	363064	363135	His	GTG	0	0	57.7	
NC_001145.3 	5	463554	463625	Asp	GTC	0	0	56.4	
NC_001145.3 	6	504895	505008	Leu	CAA	504933	504964	56.8	
NC_001145.3 	7	837928	838016	Tyr	GTA	837967	837980	61.3	
NC_001145.3 	8	808317	808246	Gln	CTG	0	0	59.8	
NC_001145.3 	9	768441	768369	Ala	AGC	0	0	69.6	
NC_001145.3 	10	747963	747892	Arg	TCT	0	0	67.4	
NC_001145.3 	11	586709	586636	Val	AAC	0	0	67.6	
NC_001145.3 	12	572955	572883	Met	CAT	0	0	70.0	
NC_001145.3 	13	480693	480621	Lys	CTT	0	0	81.2	
NC_001145.3 	14	420661	420588	Val	AAC	0	0	67.6	
NC_001145.3 	15	379408	379303	Trp	CCA	379372	379339	67.2	
NC_001145.3 	16	372518	372445	Val	AAC	0	0	67.6	
NC_001145.3 	17	321219	321147	Ala	AGC	0	0	69.6	
NC_001145.3 	18	259239	259158	Ser	AGA	0	0	83.2	
NC_001145.3 	19	196170	196068	Pro	TGG	196134	196104	62.1	
NC_001145.3 	20	183968	183898	Gly	GCC	0	0	62.0	
NC_001145.3 	21	131896	131825	Arg	TCT	0	0	67.4	
NC_001146.8 	1	102716	102789	Asn	GTT	0	0	75.7	
NC_001146.8 	2	104805	104877	Thr	AGT	0	0	76.0	
NC_001146.8 	3	374869	374959	Phe	GAA	374906	374923	71.4	
NC_001146.8 	4	443006	443119	Leu	CAA	443044	443075	56.8	
NC_001146.8 	5	547094	547196	Pro	TGG	547130	547160	62.1	
NC_001146.8 	6	568115	568217	Pro	TGG	568151	568181	62.1	
NC_001146.8 	7	602312	602385	Ile	AAT	0	0	71.4	
NC_001146.8 	8	632599	632672	Asn	GTT	0	0	75.7	
NC_001146.8 	9	726217	726134	Leu	TAA	0	0	75.1	
NC_001146.8 	10	631917	631846	Pro	AGG	0	0	61.9	
NC_001146.8 	11	569940	569867	Ile	AAT	0	0	71.4	
NC_001146.8 	12	560765	560693	Thr	AGT	0	0	76.0	
NC_001146.8 	13	519169	519099	Asp	GTC	0	0	27.2	
NC_001146.8 	14	96312 	96241 	Gly	TCC	0	0	58.7	
NC_001147.6 	1	113802	113874	Thr	AGT	0	0	76.0	
NC_001147.6 	2	228331	228404	Asn	GTT	0	0	75.7	
NC_001147.6 	3	274673	274773	Ser	GCT	274710	274728	64.2	
NC_001147.6 	4	282164	282234	Gly	GCC	0	0	62.0	
NC_001147.6 	5	288192	288280	Tyr	GTA	288231	288244	61.3	
NC_001147.6 	6	301097	301198	Pro	TGG	301133	301162	62.1	
NC_001147.6 	7	438643	438738	Lys	TTT	438680	438702	71.1	
NC_001147.6 	8	464450	464551	Pro	TGG	464486	464515	62.1	
NC_001147.6 	9	487439	487512	Asn	GTT	0	0	75.7	
NC_001147.6 	10	571958	572029	Asp	GTC	0	0	56.4	
NC_001147.6 	11	710201	710272	iMet	CAT	0	0	69.1	
NC_001147.6 	12	976421	976493	Met	CAT	0	0	70.0	
NC_001147.6 	13	980683	980787	Pro	TGG	980719	980751	58.2	
NC_001147.6 	14	854259	854187	Ala	TGC	0	0	76.0	
NC_001147.6 	15	663885	663812	Val	AAC	0	0	66.3	
NC_001147.6 	16	594425	594354	Gly	CCC	0	0	79.7	
NC_001147.6 	17	354113	354041	Thr	AGT	0	0	76.0	
NC_001147.6 	18	340371	340299	Arg	ACG	0	0	69.6	
NC_001147.6 	19	226681	226611	Gly	GCC	0	0	62.0	
NC_001147.6 	20	111033	110962	Gly	TCC	0	0	58.7	
NC_001148.4 	1	572269	572339	Gly	GCC	0	0	62.0	
NC_001148.4 	2	582062	582134	Lys	CTT	0	0	81.2	
NC_001148.4 	3	689565	689646	Ser	TGA	0	0	80.3	
NC_001148.4 	4	744284	744355	Thr	TGT	0	0	77.0	
NC_001148.4 	5	810676	810749	Asn	GTT	0	0	75.7	
NC_001148.4 	6	819529	819602	Ile	AAT	0	0	71.4	
NC_001148.4 	7	856902	856974	Ala	AGC	0	0	69.6	
NC_001148.4 	8	860379	860449	Gly	GCC	0	0	62.0	
NC_001148.4 	9	880369	880296	Ile	AAT	0	0	71.4	
NC_001148.4 	10	775836	775765	Cys	GCA	0	0	78.6	
NC_001148.4 	11	769302	769207	Lys	TTT	769265	769243	71.1	
NC_001148.4 	12	622631	622540	Phe	GAA	622594	622576	70.7	
NC_001148.4 	13	560289	560198	Phe	GAA	560252	560234	70.7	
NC_001148.4 	14	435964	435893	Cys	GCA	0	0	78.6	
NC_001148.4 	15	338919	338848	iMet	CAT	0	0	69.1	
NC_001148.4 	16	210263	210192	Glu	TTC	0	0	60.3	
NC_001148.4 	17	56274 	56169 	Trp	CCA	56238	56205	67.2	
NC_001224.1 	1	9374  	9444  	Sup	TCA	0	0	48.3	
NC_001224.1 	2	48201 	48287 	Ser	TGA	0	0	57.4	
NC_001224.1 	3	63862 	63934 	Thr	TGT	0	0	63.6	
NC_001224.1 	4	64597 	64667 	His	GTG	0	0	46.1	
NC_001224.1 	5	66095 	66176 	Leu	TAA	0	0	45.0	
NC_001224.1 	6	67061 	67132 	Lys	TTT	0	0	35.1	
NC_001224.1 	7	67309 	67381 	Arg	TCT	0	0	54.7	
NC_001224.1 	8	69289 	69359 	Arg	ACG	0	0	38.9	pseudo
NC_001224.1 	9	69846 	69918 	Ala	TGC	0	0	39.4	
NC_001224.1 	10	70162 	70234 	Ile	GAT	0	0	46.2	
NC_001224.1 	11	71433 	71504 	Asn	GTT	0	0	52.6	
NC_001224.1 	12	72632 	72705 	Met	CAT	0	0	50.6	
NC_001224.1 	13	77431 	77502 	Phe	GAA	0	0	53.8	
NC_001224.1 	14	78533 	78605 	Val	TAC	0	0	60.5	
