Sequence    		tRNA   	Bounds 	tRNA	Anti	Intron Bounds	Inf	      
Name        	tRNA #	Begin  	End    	Type	Codon	Begin	End	Score	Note
--------    	------	-----  	------ 	----	-----	-----	----	------	------
NC_002947.4 	1	532371 	532454 	Tyr	GTA	0	0	75.8	
NC_002947.4 	2	532479 	532552 	Gly	TCC	0	0	83.2	
NC_002947.4 	3	532582 	532657 	Thr	GGT	0	0	79.6	
NC_002947.4 	4	533984 	534059 	Trp	CCA	0	0	86.5	
NC_002947.4 	5	584064 	584159 	SeC	TCA	0	0	133.2	
NC_002947.4 	6	699431 	699507 	Ile	GAT	0	0	83.4	
NC_002947.4 	7	699532 	699607 	Ala	TGC	0	0	82.6	
NC_002947.4 	8	733388 	733463 	Asn	GTT	0	0	80.7	
NC_002947.4 	9	733468 	733544 	Pro	TGG	0	0	75.1	
NC_002947.4 	10	733551 	733626 	Lys	TTT	0	0	92.8	
NC_002947.4 	11	733673 	733749 	Pro	TGG	0	0	75.1	
NC_002947.4 	12	733755 	733830 	Lys	TTT	0	0	92.8	
NC_002947.4 	13	741325 	741400 	Thr	CGT	0	0	77.6	
NC_002947.4 	14	1402406	1402481	Lys	TTT	0	0	92.8	
NC_002947.4 	15	1418344	1418433	Ser	CGA	0	0	79.7	
NC_002947.4 	16	1898429	1898504	Val	TAC	0	0	82.6	
NC_002947.4 	17	1898518	1898594	Asp	GTC	0	0	90.7	
NC_002947.4 	18	1898765	1898840	Val	TAC	0	0	82.6	
NC_002947.4 	19	1898854	1898930	Asp	GTC	0	0	90.7	
NC_002947.4 	20	2069064	2069153	Ser	GGA	0	0	77.1	
NC_002947.4 	21	2102640	2102715	Glu	TTC	0	0	68.9	
NC_002947.4 	22	2102718	2102793	Gly	GCC	0	0	88.4	
NC_002947.4 	23	2102886	2102961	Glu	TTC	0	0	68.9	
NC_002947.4 	24	2102965	2103040	Gly	GCC	0	0	88.4	
NC_002947.4 	25	2103126	2103201	Gly	GCC	0	0	88.4	
NC_002947.4 	26	2241534	2241609	Ala	GGC	0	0	76.3	
NC_002947.4 	27	2241682	2241757	Glu	TTC	0	0	68.9	
NC_002947.4 	28	2241809	2241884	Ala	GGC	0	0	76.3	
NC_002947.4 	29	2241927	2242002	Glu	TTC	0	0	68.9	
NC_002947.4 	30	2242064	2242139	Ala	GGC	0	0	76.3	
NC_002947.4 	31	2242182	2242257	Glu	TTC	0	0	68.9	
NC_002947.4 	32	2271399	2271474	Val	TAC	0	0	82.6	
NC_002947.4 	33	2271540	2271616	Asp	GTC	0	0	90.7	
NC_002947.4 	34	2271716	2271792	Asp	GTC	0	0	90.7	
NC_002947.4 	35	2271934	2272010	Asp	GTC	0	0	90.7	
NC_002947.4 	36	2550297	2550373	Ile	GAT	0	0	83.4	
NC_002947.4 	37	2550398	2550473	Ala	TGC	0	0	82.6	
NC_002947.4 	38	2585764	2585840	Arg	TCT	0	0	89.3	
NC_002947.4 	39	2585882	2585957	His	GTG	0	0	77.6	
NC_002947.4 	40	2586010	2586094	Leu	TAG	0	0	71.0	
NC_002947.4 	41	2626122	2626197	His	GTG	0	0	77.6	
NC_002947.4 	42	2685142	2685216	Gln	TTG	0	0	69.7	
NC_002947.4 	43	2796491	2796567	Val	GAC	0	0	81.8	
NC_002947.4 	44	2796740	2796816	Val	GAC	0	0	81.8	
NC_002947.4 	45	2817004	2817080	Pro	GGG	0	0	67.2	
NC_002947.4 	46	4361681	4361765	Leu	TAA	0	0	78.0	
NC_002947.4 	47	5549326	5549412	Leu	CAG	0	0	71.0	
NC_002947.4 	48	5549501	5549587	Leu	CAG	0	0	71.0	
NC_002947.4 	49	5361179	5361094	Leu	GAG	0	0	60.3	
NC_002947.4 	50	5360993	5360917	fMet	CAT	0	0	78.5	
NC_002947.4 	51	5311072	5310996	Ile	GAT	0	0	83.4	
NC_002947.4 	52	5310899	5310824	Ala	TGC	0	0	82.6	
NC_002947.4 	53	5079874	5079784	Ser	GCT	0	0	76.5	
NC_002947.4 	54	5079677	5079601	Arg	ACG	0	0	84.3	
NC_002947.4 	55	5079529	5079453	Arg	ACG	0	0	84.3	
NC_002947.4 	56	5079378	5079302	Arg	ACG	0	0	84.3	
NC_002947.4 	57	5079228	5079152	Arg	ACG	0	0	84.3	
NC_002947.4 	58	5075830	5075740	Arg	CCT	0	0	28.7	pseudo
NC_002947.4 	59	5075627	5075556	Arg	CCT	0	0	57.1	
NC_002947.4 	60	4632629	4632554	Gly	GCC	0	0	88.4	
NC_002947.4 	61	4501403	4501316	Ser	TGA	0	0	79.3	
NC_002947.4 	62	4427591	4427518	Cys	GCA	0	0	58.5	
NC_002947.4 	63	4371702	4371627	Cys	GCA	0	0	21.4	pseudo
NC_002947.4 	64	2420700	2420624	Pro	CGG	0	0	74.4	
NC_002947.4 	65	2233346	2233271	Asn	GTT	0	0	80.7	
NC_002947.4 	66	1606534	1606461	Gly	CCC	0	0	78.2	
NC_002947.4 	67	1381034	1380958	fMet	CAT	0	0	75.8	
NC_002947.4 	68	1380823	1380747	fMet	CAT	0	0	75.8	
NC_002947.4 	69	1380612	1380536	fMet	CAT	0	0	75.8	
NC_002947.4 	70	968982 	968898 	Leu	CAA	0	0	70.8	
NC_002947.4 	71	839820 	839746 	Gln	TTG	0	0	69.7	
NC_002947.4 	72	813300 	813224 	Met	CAT	0	0	77.5	
NC_002947.4 	73	467196 	467120 	Ile2	CAT	0	0	84.5	
NC_002947.4 	74	344175 	344100 	Phe	GAA	0	0	80.2	
NC_002947.4 	75	335048 	334973 	Thr	TGT	0	0	85.7	
NC_002947.4 	76	255355 	255279 	Arg	CCG	0	0	84.9	
