Sequence    		tRNA   	Bounds 	tRNA	Anti	Intron Bounds	Inf	      
Name        	tRNA #	Begin  	End    	Type	Codon	Begin	End	Score	Note
--------    	------	-----  	------ 	----	-----	-----	----	------	------
NC_000964.3 	1	11464  	11540  	Ile	GAT	0	0	89.6	
NC_000964.3 	2	11552  	11627  	Ala	TGC	0	0	81.8	
NC_000964.3 	3	22292  	22384  	Ser	TGA	0	0	81.5	
NC_000964.3 	4	31932  	32008  	Ile	GAT	0	0	89.6	
NC_000964.3 	5	32020  	32095  	Ala	TGC	0	0	81.8	
NC_000964.3 	6	70181  	70257  	Met	CAT	0	0	72.8	
NC_000964.3 	7	70267  	70338  	Glu	TTC	0	0	72.5	
NC_000964.3 	8	95375  	95450  	Val	TAC	0	0	86.5	
NC_000964.3 	9	95455  	95530  	Thr	TGT	0	0	84.1	
NC_000964.3 	10	95567  	95642  	Lys	TTT	0	0	92.2	
NC_000964.3 	11	95649  	95731  	Leu	TAG	0	0	66.4	
NC_000964.3 	12	95772  	95846  	Gly	GCC	0	0	93.0	
NC_000964.3 	13	95861  	95946  	Leu	TAA	0	0	70.8	
NC_000964.3 	14	95956  	96032  	Arg	ACG	0	0	79.3	
NC_000964.3 	15	96060  	96136  	Pro	TGG	0	0	85.2	
NC_000964.3 	16	96146  	96221  	Ala	TGC	0	0	81.8	
NC_000964.3 	17	165754 	165825 	Asn	GTT	0	0	76.1	
NC_000964.3 	18	165830 	165902 	Thr	GGT	0	0	64.8	
NC_000964.3 	19	165959 	166033 	Gly	GCC	0	0	93.0	
NC_000964.3 	20	166064 	166140 	Arg	ACG	0	0	79.3	
NC_000964.3 	21	166168 	166244 	Pro	TGG	0	0	85.2	
NC_000964.3 	22	166253 	166328 	Ala	TGC	0	0	81.8	
NC_000964.3 	23	194205 	194279 	Glu	TTC	0	0	79.4	
NC_000964.3 	24	194283 	194358 	Val	TAC	0	0	86.5	
NC_000964.3 	25	194363 	194435 	Thr	TGT	0	0	77.3	
NC_000964.3 	26	194458 	194542 	Tyr	GTA	0	0	78.0	
NC_000964.3 	27	194547 	194618 	Gln	TTG	0	0	68.5	
NC_000964.3 	28	528704 	528778 	Asn	GTT	0	0	82.6	
NC_000964.3 	29	528783 	528873 	Ser	GCT	0	0	81.0	
NC_000964.3 	30	528903 	528974 	Glu	TTC	0	0	72.5	
NC_000964.3 	31	528986 	529060 	Gln	TTG	0	0	75.4	
NC_000964.3 	32	529087 	529162 	Lys	TTT	0	0	92.2	
NC_000964.3 	33	529174 	529255 	Leu	TAG	0	0	70.1	
NC_000964.3 	34	529336 	529419 	Leu	GAG	0	0	56.9	
NC_000964.3 	35	635110 	635186 	Arg	ACG	0	0	79.3	
NC_000964.3 	36	635200 	635273 	Gly	TCC	0	0	81.1	
NC_000964.3 	37	640268 	640344 	fMet	CAT	0	0	84.8	
NC_000964.3 	38	640405 	640481 	Asp	GTC	0	0	89.1	
NC_000964.3 	39	951582 	951656 	Asn	GTT	0	0	83.0	
NC_000964.3 	40	951662 	951753 	Ser	GGA	0	0	78.1	
NC_000964.3 	41	951788 	951859 	Glu	TTC	0	0	72.5	
NC_000964.3 	42	951869 	951944 	Val	TAC	0	0	86.5	
NC_000964.3 	43	951954 	952030 	fMet	CAT	0	0	84.8	
NC_000964.3 	44	952042 	952118 	Asp	GTC	0	0	89.1	
NC_000964.3 	45	952131 	952206 	Phe	GAA	0	0	89.6	
NC_000964.3 	46	952212 	952284 	Thr	TGT	0	0	77.3	
NC_000964.3 	47	952307 	952391 	Tyr	GTA	0	0	78.0	
NC_000964.3 	48	952397 	952470 	Trp	CCA	0	0	74.1	
NC_000964.3 	49	952495 	952570 	His	GTG	0	0	67.7	
NC_000964.3 	50	952580 	952651 	Gln	TTG	0	0	68.5	
NC_000964.3 	51	952701 	952775 	Gly	GCC	0	0	93.0	
NC_000964.3 	52	952781 	952851 	Cys	GCA	0	0	68.2	
NC_000964.3 	53	952859 	952947 	Leu	TAA	0	0	77.7	
NC_000964.3 	54	953213 	953294 	Leu	CAA	0	0	57.2	
NC_000964.3 	55	967065 	967138 	Gly	TCC	0	0	81.1	
NC_000964.3 	56	1262789	1262861	Val	GAC	0	0	66.6	
NC_000964.3 	57	2563889	2563959	Gln	TTG	0	0	64.3	
NC_000964.3 	58	4155209	4155134	Lys	TTT	0	0	92.2	
NC_000964.3 	59	4155124	4155053	Glu	TTC	0	0	72.5	
NC_000964.3 	60	4154971	4154895	Asp	GTC	0	0	89.1	
NC_000964.3 	61	4154859	4154787	Phe	GAA	0	0	82.7	
NC_000964.3 	62	3545964	3545889	Arg	CCG	0	0	66.1	
NC_000964.3 	63	3194527	3194455	Ala	GGC	0	0	69.9	
NC_000964.3 	64	3173797	3173722	Val	TAC	0	0	86.5	
NC_000964.3 	65	3173689	3173614	Thr	TGT	0	0	84.1	
NC_000964.3 	66	3173576	3173501	Lys	TTT	0	0	92.2	
NC_000964.3 	67	3173490	3173404	Leu	CAG	0	0	68.5	
NC_000964.3 	68	3173398	3173324	Gly	GCC	0	0	93.0	
NC_000964.3 	69	3173309	3173224	Leu	TAA	0	0	70.8	
NC_000964.3 	70	3173214	3173138	Arg	ACG	0	0	79.3	
NC_000964.3 	71	3173122	3173046	Pro	TGG	0	0	85.2	
NC_000964.3 	72	3173040	3172968	Ala	TGC	0	0	74.9	
NC_000964.3 	73	3172948	3172872	Met	CAT	0	0	72.8	
NC_000964.3 	74	3172869	3172793	Ile2	CAT	0	0	87.3	
NC_000964.3 	75	3172786	3172694	Ser	TGA	0	0	81.7	
NC_000964.3 	76	3172676	3172600	fMet	CAT	0	0	84.8	
NC_000964.3 	77	3172588	3172512	Asp	GTC	0	0	89.1	
NC_000964.3 	78	3172499	3172424	Phe	GAA	0	0	89.6	
NC_000964.3 	79	3172406	3172331	His	GTG	0	0	69.7	
NC_000964.3 	80	3172320	3172247	Gly	TCC	0	0	83.3	
NC_000964.3 	81	3172231	3172155	Ile	GAT	0	0	89.8	
NC_000964.3 	82	3172144	3172070	Asn	GTT	0	0	82.6	
NC_000964.3 	83	3172066	3171976	Ser	GCT	0	0	79.1	
NC_000964.3 	84	3171950	3171879	Glu	TTC	0	0	72.5	
NC_000964.3 	85	2899889	2899816	Arg	TCT	0	0	77.5	
NC_000964.3 	86	2003348	2003276	Arg	CCT	0	0	69.2	
