Sequence    		tRNA   	Bounds 	tRNA	Anti	Intron Bounds	Inf	      
Name        	tRNA #	Begin  	End    	Type	Codon	Begin	End	Score	Note
--------    	------	-----  	------ 	----	-----	-----	----	------	------
NC_007779.1 	1	225381 	225457 	Ile	GAT	0	0	75.8	
NC_007779.1 	2	225500 	225575 	Ala	TGC	0	0	78.1	
NC_007779.1 	3	228928 	229004 	Asp	GTC	0	0	85.5	
NC_007779.1 	4	236931 	237007 	Asp	GTC	0	0	85.5	
NC_007779.1 	5	262095 	262170 	Thr	CGT	0	0	85.1	
NC_007779.1 	6	296408 	296478 	Thr	CGT	0	0	44.2	
NC_007779.1 	7	563946 	564022 	Arg	TCT	0	0	86.6	
NC_007779.1 	8	585230 	585324 	Undet	NNN	0	0	31.7	pseudo
NC_007779.1 	9	780976 	781051 	Lys	TTT	0	0	94.9	
NC_007779.1 	10	781187 	781262 	Val	TAC	0	0	84.6	
NC_007779.1 	11	781265 	781340 	Lys	TTT	0	0	94.9	
NC_007779.1 	12	781490 	781565 	Val	TAC	0	0	84.6	
NC_007779.1 	13	781569 	781644 	Lys	TTT	0	0	94.9	
NC_007779.1 	14	781791 	781866 	Lys	TTT	0	0	94.9	
NC_007779.1 	15	781999 	782074 	Lys	TTT	0	0	94.9	
NC_007779.1 	16	1748149	1748225	Val	GAC	0	0	82.5	
NC_007779.1 	17	1748230	1748306	Val	GAC	0	0	85.9	
NC_007779.1 	18	2046686	2046761	Asn	GTT	0	0	79.7	
NC_007779.1 	19	2061988	2062063	Asn	GTT	0	0	79.7	
NC_007779.1 	20	2064397	2064472	Asn	GTT	0	0	79.7	
NC_007779.1 	21	2289545	2289621	Pro	GGG	0	0	67.3	
NC_007779.1 	22	2471755	2471829	Arg	CCT	0	0	62.5	
NC_007779.1 	23	2526377	2526452	Val	TAC	0	0	84.6	
NC_007779.1 	24	2526497	2526572	Val	TAC	0	0	84.6	
NC_007779.1 	25	2526619	2526694	Val	TAC	0	0	84.6	
NC_007779.1 	26	2526699	2526774	Lys	TTT	0	0	94.9	
NC_007779.1 	27	2754515	2754611	Undet	NNN	0	0	29.6	
NC_007779.1 	28	2946043	2946119	fMet	CAT	0	0	77.5	
NC_007779.1 	29	2946153	2946229	fMet	CAT	0	0	77.5	
NC_007779.1 	30	2946263	2946339	fMet	CAT	0	0	77.5	
NC_007779.1 	31	3109022	3109097	Phe	GAA	0	0	75.3	
NC_007779.1 	32	3214254	3214329	Ile2	CAT	0	0	85.1	
NC_007779.1 	33	3931723	3931799	Pro	CGG	0	0	76.0	
NC_007779.1 	34	4213264	4213340	Ile	GAT	0	0	75.8	
NC_007779.1 	35	4213383	4213458	Ala	TGC	0	0	78.1	
NC_007779.1 	36	4397040	4397115	Gly	GCC	0	0	88.4	
NC_007779.1 	37	4397152	4397227	Gly	GCC	0	0	88.4	
NC_007779.1 	38	4397263	4397338	Gly	GCC	0	0	88.4	
NC_007779.1 	39	4501085	4501169	Leu	CAA	0	0	79.3	
NC_007779.1 	40	4611081	4610995	Leu	CAG	0	0	67.1	
NC_007779.1 	41	4610966	4610880	Leu	CAG	0	0	65.0	
NC_007779.1 	42	4610845	4610759	Leu	CAG	0	0	67.1	
NC_007779.1 	43	4367304	4367229	Phe	GAA	0	0	75.3	
NC_007779.1 	44	3804193	3804099	SeC	TCA	0	0	142.5	
NC_007779.1 	45	3693246	3693171	Glu	TTC	0	0	66.6	
NC_007779.1 	46	3689809	3689733	Asp	GTC	0	0	85.5	
NC_007779.1 	47	3689724	3689649	Trp	CCA	0	0	79.9	
NC_007779.1 	48	3654306	3654230	Arg	CCG	0	0	82.2	
NC_007779.1 	49	3654171	3654096	His	GTG	0	0	78.7	
NC_007779.1 	50	3654075	3653989	Leu	CAG	0	0	67.1	
NC_007779.1 	51	3653946	3653870	Pro	TGG	0	0	82.4	
NC_007779.1 	52	3599540	3599464	Ile	GAT	0	0	75.8	
NC_007779.1 	53	3599421	3599346	Ala	TGC	0	0	78.1	
NC_007779.1 	54	3468309	3468234	Glu	TTC	0	0	66.6	
NC_007779.1 	55	3461293	3461218	Thr	TGT	0	0	81.3	
NC_007779.1 	56	3461209	3461125	Tyr	GTA	0	0	73.0	
NC_007779.1 	57	3461008	3460934	Gly	TCC	0	0	70.6	
NC_007779.1 	58	3460927	3460852	Thr	GGT	0	0	84.7	
NC_007779.1 	59	3426907	3426832	Glu	TTC	0	0	66.6	
NC_007779.1 	60	3423510	3423435	Thr	GGT	0	0	79.8	
NC_007779.1 	61	3322013	3321927	Leu	GAG	0	0	64.5	
NC_007779.1 	62	3318144	3318068	fMet	CAT	0	0	75.5	
NC_007779.1 	63	2997713	2997640	Gly	CCC	0	0	81.1	
NC_007779.1 	64	2817301	2817209	Ser	GCT	0	0	83.4	
NC_007779.1 	65	2817205	2817129	Arg	ACG	0	0	85.1	
NC_007779.1 	66	2816930	2816854	Arg	ACG	0	0	85.1	
NC_007779.1 	67	2816791	2816715	Arg	ACG	0	0	85.1	
NC_007779.1 	68	2816516	2816440	Arg	ACG	0	0	85.1	
NC_007779.1 	69	2784493	2784418	Ile2	CAT	0	0	84.7	
NC_007779.1 	70	2728100	2728025	Glu	TTC	0	0	66.6	
NC_007779.1 	71	2523677	2523602	Ala	GGC	0	0	75.0	
NC_007779.1 	72	2523562	2523487	Ala	GGC	0	0	75.0	
NC_007779.1 	73	2060239	2060164	Asn	GTT	0	0	79.7	
NC_007779.1 	74	2045694	2045605	Ser	CGA	0	0	90.4	
NC_007779.1 	75	1994254	1994179	Gly	GCC	0	0	88.4	
NC_007779.1 	76	1994124	1994051	Cys	GCA	0	0	63.0	
NC_007779.1 	77	1994038	1993952	Leu	TAA	0	0	71.7	
NC_007779.1 	78	1289199	1289115	Tyr	GTA	0	0	72.2	
NC_007779.1 	79	1288905	1288821	Tyr	GTA	0	0	72.2	
NC_007779.1 	80	1097893	1097806	Ser	GGA	0	0	76.9	
NC_007779.1 	81	1032134	1032047	Ser	TGA	0	0	83.5	
NC_007779.1 	82	926393 	926306 	Ser	GGA	0	0	76.9	
NC_007779.1 	83	697555 	697479 	Met	CAT	0	0	84.4	
NC_007779.1 	84	697469 	697385 	Leu	TAG	0	0	74.1	
NC_007779.1 	85	697361 	697287 	Gln	TTG	0	0	70.4	
NC_007779.1 	86	697252 	697178 	Gln	TTG	0	0	70.4	
NC_007779.1 	87	697162 	697086 	Met	CAT	0	0	84.4	
NC_007779.1 	88	697038 	696964 	Gln	CTG	0	0	70.8	
NC_007779.1 	89	696926 	696852 	Gln	CTG	0	0	70.8	
